amkns@kns1013 MINGW64 ~/git_kadai (main)
$ mkdir git_challenge

amkns@kns1013 MINGW64 ~/git_kadai (main)
$ cd git_challenge

amkns@kns1013 MINGW64 ~/git_kadai/git_challenge (main)
$ git init
Initialized empty Git repository in C:/Users/amkns/git_kadai/git_challenge/.git/

amkns@kns1013 MINGW64 ~/git_kadai/git_challenge (main)
$ touch hello_world.txt

amkns@kns1013 MINGW64 ~/git_kadai/git_challenge (main)
$ echo "Hello,world!" > hello_world.txt

amkns@kns1013 MINGW64 ~/git_kadai/git_challenge (main)
$ git add
Nothing specified, nothing added.
hint: Maybe you wanted to say 'git add .'?
hint: Disable this message with "git config set advice.addEmptyPathspec false"

amkns@kns1013 MINGW64 ~/git_kadai/git_challenge (main)
$ git add hello_world.txt
warning: in the working copy of 'git_kadai/git_challenge/hello_world.txt', LF will be replaced by CRLF the next time Git touches it

amkns@kns1013 MINGW64 ~/git_kadai/git_challenge (main)
$ git commit -m "hello_world.txtを追加"
[main d9e0c5a] hello_world.txtを追加
 1 file changed, 1 insertion(+)
 create mode 100644 git_kadai/git_challenge/hello_world.txt

amkns@kns1013 MINGW64 ~/git_kadai/git_challenge (main)
$ echo "こんにちは、世界！" >> hello_world.txt

amkns@kns1013 MINGW64 ~/git_kadai/git_challenge (main)
$ git add hello_world.txt
warning: in the working copy of 'git_kadai/git_challenge/hello_world.txt', LF will be replaced by CRLF the next time Git touches it

amkns@kns1013 MINGW64 ~/git_kadai/git_challenge (main)
$ git commit -m "日本語訳を追記"
[main 34d5b80] 日本語訳を追記
 1 file changed, 1 insertion(+)

amkns@kns1013 MINGW64 ~/git_kadai/git_challenge (main)
$ git log --oneline
34d5b80 (HEAD -> main) 日本語訳を追記
d9e0c5a hello_world.txtを追加
