amkns@kns1013 MINGW64 ~/git_kadai (main)
$ mkdir git_challenge

amkns@kns1013 MINGW64 ~/git_kadai (main)
$ cd git_challenge

amkns@kns1013 MINGW64 ~/git_kadai/git_challenge (main)
$ git init
Initialized empty Git repository in C:/Users/amkns/git_kadai/git_challenge/.git/

amkns@kns1013 MINGW64 ~/git_kadai/git_challenge (main)
$ touch hello_world.txt

amkns@kns1013 MINGW64 ~/git_kadai/git_challenge (main)
$ echo "Hello,world!"　>hello_world.txt

amkns@kns1013 MINGW64 ~/git_kadai/git_challenge (main)
$ cat hello_world.txt
Hello,world!　

amkns@kns1013 MINGW64 ~/git_kadai/git_challenge (main)
$ git add hello_world.txt
warning: in the working copy of 'hello_world.txt', LF will be replaced by CRLF the next time Git touches it

amkns@kns1013 MINGW64 ~/git_kadai/git_challenge (main)
$ git status
On branch main

No commits yet

Changes to be committed:
  (use "git rm --cached <file>..." to unstage)
        new file:   hello_world.txt


amkns@kns1013 MINGW64 ~/git_kadai/git_challenge (main)
$ git commit -m "hello_worl.txtを追加"
[main (root-commit) e3a7260] hello_worl.txtを追加
 1 file changed, 1 insertion(+)
 create mode 100644 hello_world.txt

amkns@kns1013 MINGW64 ~/git_kadai/git_challenge (main)
$ echo "こんにちは、世界！" >hello_world.txt

amkns@kns1013 MINGW64 ~/git_kadai/git_challenge (main)
$ git add hello_world.txt
warning: in the working copy of 'hello_world.txt', LF will be replaced by CRLF the next time Git touches it

amkns@kns1013 MINGW64 ~/git_kadai/git_challenge (main)